// Jest Snapshot v1, https://goo.gl/fbAQLP

exports[`getOwnPropertyDescriptor should throw error for \`null\` or \`undefined\` 1`] = `"Cannot convert undefined or null to object"`;

exports[`getOwnPropertyDescriptor should throw error for \`null\` or \`undefined\` 2`] = `"Cannot convert undefined or null to object"`;
