// Jest Snapshot v1, https://goo.gl/fbAQLP

exports[`getOwnPropertyDescriptor 0 should throw error for \`null\` or \`undefined\` 1`] = `"Cannot call method on undefined"`;

exports[`getOwnPropertyDescriptor 0 should throw error for \`null\` or \`undefined\` 2`] = `"Cannot call method on null"`;

exports[`getOwnPropertyDescriptor 1 should throw error for \`null\` or \`undefined\` 1`] = `"Cannot convert undefined or null to object"`;

exports[`getOwnPropertyDescriptor 1 should throw error for \`null\` or \`undefined\` 2`] = `"Cannot convert undefined or null to object"`;
